00:56:58 **** Incremental Build of configuration Debug for project DMA_Test ****
make pre-build main-build 
a9-linaro-pre-build-step
' '
'Building file: ../src/xaxidma_example_sg_poll.c'
'Invoking: ARM v7 gcc compiler'
arm-none-eabi-gcc -Wall -O0 -g3 -c -fmessage-length=0 -MT"src/xaxidma_example_sg_poll.o" -mcpu=cortex-a9 -mfpu=vfpv3 -mfloat-abi=hard -I../../DMA_Test_bsp/ps7_cortexa9_0/include -MMD -MP -MF"src/xaxidma_example_sg_poll.d" -MT"src/xaxidma_example_sg_poll.o" -o "src/xaxidma_example_sg_poll.o" "../src/xaxidma_example_sg_poll.c"
../src/xaxidma_example_sg_poll.c:119:2: warning: #warning CHECK FOR THE VALID DDR ADDRESS IN XPARAMETERS.H, DEFAULT SET TO 0x01000000 [-Wcpp]
 #warning CHECK FOR THE VALID DDR ADDRESS IN XPARAMETERS.H, \
  ^~~~~~~
'Finished building: ../src/xaxidma_example_sg_poll.c'
' '
'Building target: DMA_Test.elf'
'Invoking: ARM v7 gcc linker'
arm-none-eabi-gcc -mcpu=cortex-a9 -mfpu=vfpv3 -mfloat-abi=hard -Wl,-build-id=none -specs=Xilinx.spec -Wl,-T -Wl,../src/lscript.ld -L../../DMA_Test_bsp/ps7_cortexa9_0/lib -o "DMA_Test.elf"  ./src/xaxidma_example_sg_poll.o   -Wl,--start-group,-lxil,-lgcc,-lc,--end-group
'Finished building target: DMA_Test.elf'
' '
'Invoking: ARM v7 Print Size'
arm-none-eabi-size DMA_Test.elf  |tee "DMA_Test.elf.size"
   text	   data	    bss	    dec	    hex	filename
  38560	   2256	  24504	  65320	   ff28	DMA_Test.elf
'Finished building: DMA_Test.elf.size'
' '

00:57:00 Build Finished (took 1s.775ms)

